// Jest Snapshot v1, https://goo.gl/fbAQLP

exports[`Add CategoryPage tests renders correctly 1`] = `
<div>
  <div
    class="container"
  >
    <h2>
      Coming soon...
    </h2>
  </div>
</div>
`;
