// Jest Snapshot v1, https://goo.gl/fbAQLP

exports[`Add Recipe tests renders correctly 1`] = `
<div>
  <div
    class="container"
  >
    <h2
      class="title"
    >
      Salmon Steak
    </h2>
    <div>
      <img
        alt="Salmon Steak"
        class="image"
        src="https://www.cookingclassy.com/wp-content/uploads/2017/02/skillet-seared-salmon-2.jpg"
      />
      <h3>
        Ingredients
      </h3>
      <p>
        300 gm salmon fish, 1 cup onion, 2 tablespoon lemon pepper seasoning, 4 tablespoon butter, 4 tablespoon lemon juice, garlic salt as required, 4 slices lemon
      </p>
    </div>
    <div>
      <h3>
        Instructions
      </h3>
      <ul>
        <li>
          <h4>
            Step 1
          </h4>
          <p>
            To make this delicious recipe, wash the salmon under running water. Then drain the excess water and cut them into desired shapes.
          </p>
        </li>
        <li>
          <h4>
            Step 2
          </h4>
          <p>
            Take a bowl, add 2 tablespoon butter and 2 tablespoon lemon juice with a dash of salt. Once the fish is moist, marinate the fish and keep it aside for sometime. In the meantime, preheat the oven at 180 degree Celsius.
          </p>
        </li>
        <li>
          <h4>
            Step 3
          </h4>
          <p>
            Next, grease the baking tray with some butter. Place the marinated fish and pour the remaining butter and lemon juice mixture with some chopped coriander and spices. Sprinkle garlic salt and lemon pepper seasoning. Place the lemon slices over the pieces and bake for 20 minutes at 200 degree Celsius.
          </p>
        </li>
        <li>
          <h4>
            Step 4
          </h4>
          <p>
            Once the fish is baked, you can serve it with some fresh coriander leaves, tomatoes and spring onions. Your Salmon Steak is ready and indulge in the goodness.
          </p>
        </li>
      </ul>
    </div>
  </div>
</div>
`;
