// Jest Snapshot v1, https://goo.gl/fbAQLP

exports[`Add CategoryRecipes tests renders correctly 1`] = `
<div>
  <div
    class="container"
  >
    <header
      class="header"
    >
      Fish
    </header>
    <ul
      class="recommendation"
    >
      <li
        class="item"
      >
        <a
          class="title"
          href="/categories/1/11"
        >
          <img
            alt="Salmon Steak"
            class="image"
            src="https://www.cookingclassy.com/wp-content/uploads/2017/02/skillet-seared-salmon-2.jpg"
          />
        </a>
        <a
          class="link"
          href="/categories/1/11"
        >
          Salmon Steak
        </a>
      </li>
      <li
        class="item"
      >
        <a
          class="title"
          href="/categories/1/12"
        >
          <img
            alt="Lemon Pepper Fish"
            class="image"
            src="https://tmbidigitalassetsazure.blob.core.windows.net/rms3-prod/attachments/37/1200x1200/exps177729_SD163615C04_05_4b.jpg"
          />
        </a>
        <a
          class="link"
          href="/categories/1/12"
        >
          Lemon Pepper Fish
        </a>
      </li>
    </ul>
  </div>
</div>
`;
